Fresh isolated PostgreSQL 15 cluster initialized; dedicated disposable database and non-superuser fixture role; connection values withheld.
Reopened after canonical completion with delayed observer: { submitting: true, active: null }
PASS: rendered launcher close/reopen, delayed observer, retained next draft, Enter/form guards, repeated Send; two PostgreSQL admissions, zero cancellations.
PASS: delayed reopen hydration and slow admission preserve the draft and prevent duplicate admissions.
Fixture failure details: {
  calls: 4,
  errors: [],
  recentRequests: [
    {
      path: '/api/assistant/conversations/history',
      operation: 'control',
      turnId: undefined
    },
    {
      path: '/api/assistant/conversations/history',
      operation: 'changes',
      turnId: undefined
    },
    {
      path: '/api/assistant/conversations/history',
      operation: 'control',
      turnId: undefined
    },
    {
      path: '/api/assistant/conversations/history',
      operation: 'changes',
      turnId: undefined
    },
    {
      path: '/api/assistant/conversations/history',
      operation: 'control',
      turnId: undefined
    },
    {
      path: '/api/assistant/conversations/history',
      operation: 'changes',
      turnId: undefined
    },
    {
      path: '/api/assistant/conversations/history',
      operation: 'control',
      turnId: undefined
    },
    {
      path: '/api/assistant/conversations/history',
      operation: 'changes',
      turnId: undefined
    }
  ],
  browser: {
    text: 'Open chat\n' +
      'Race fixture\n' +
      'Race fixture\n' +
      'First turn\n' +
      'Copy\n' +
      '\n' +
      'Synthetic reply 1\n' +
      '\n' +
      'Copy\n' +
      'Next draft\n' +
      'Copy\n' +
      '\n' +
      'Synthetic reply 2\n' +
      '\n' +
      'Copy\n' +
      'Slow network draft\n' +
      'Copy\n' +
      '\n' +
      'Synthetic reply 3\n' +
      '\n' +
      'Copy\n' +
      'Uncertain acknowledgement\n' +
      'Copy\n' +
      '\n' +
      'Synthetic reply 4\n' +
      '\n' +
      'Copy\n' +
      'Response complete.\n' +
      'âœ“\n' +
      'Request complete\n' +
      'The assistant has finished responding.',
    errors: [ 'unavailable' ],
    state: {
      kind: 'display',
      conversationId: 'eb73cb7b-5580-42bb-a4ca-08c3e94334a8',
      control: [Object],
      window: [Object],
      related: [Array],
      hasMoreRelated: false,
      relatedTruncated: false,
      loading: false,
      submitting: false,
      hasPendingSubmission: false,
      error: null,
      outgoingMessage: null
    }
  }
}
node:internal/modules/run_main:123
    triggerUncaughtException(
    ^

locator.click: Timeout 10000ms exceeded.
Call log:
[2m  - waiting for getByRole('button', { name: /Jump to latest/ })[22m
[2m    - locator resolved to <button disabled type="button" aria-busy="true" class="hr-chat__jump">Jump to latest</button>[22m
[2m  - attempting click action[22m
[2m    - waiting for element to be visible, enabled and stable[22m
[2m    - element is not stable[22m
[2m  - retrying click action[22m
[2m    - waiting for element to be visible, enabled and stable[22m
[2m  - element was detached from the DOM, retrying[22m

    at /opt/handrail/repos/handrail/handrail-ai-assistant-sdk/handrail-sdk-ai-assistant-js/scripts/check-reopen-send-browser.mjs:117:44
    at async eventually (/opt/handrail/repos/handrail/handrail-ai-assistant-sdk/handrail-sdk-ai-assistant-js/scripts/check-reopen-send-browser.mjs:24:39)
    at async file:///opt/handrail/repos/handrail/handrail-ai-assistant-sdk/handrail-sdk-ai-assistant-js/scripts/check-reopen-send-browser.mjs:179:24 {
  log: [
    "  - waiting for getByRole('button', { name: /Jump to latest/ })",
    '    - locator resolved to <button disabled type="button" aria-busy="true" class="hr-chat__jump">Jump to latest</button>',
    '  - attempting click action',
    '    - waiting for element to be visible, enabled and stable',
    '    - element is not stable',
    '  - retrying click action',
    '    - waiting for element to be visible, enabled and stable',
    '  - element was detached from the DOM, retrying'
  ],
  name: 'TimeoutError'
}

Node.js v22.23.1
Owned temporary PostgreSQL cluster stopped.
