Fresh isolated PostgreSQL 15 cluster initialized; dedicated disposable database and non-superuser fixture role; connection values withheld.
Reopened after canonical completion with delayed observer: { submitting: true, active: null }
PASS: rendered launcher close/reopen, delayed observer, retained next draft, Enter/form guards, repeated Send; two PostgreSQL admissions, zero cancellations.
PASS: delayed reopen hydration and slow admission preserve the draft and prevent duplicate admissions.
Fixture failure details: {
  calls: 4,
  errors: [],
  recentRequests: [
    {
      path: '/api/assistant/conversations/history',
      operation: 'control',
      turnId: undefined
    },
    {
      path: '/api/assistant/conversations/history',
      operation: 'changes',
      turnId: undefined
    },
    {
      path: '/api/assistant/conversations/history',
      operation: 'control',
      turnId: undefined
    },
    {
      path: '/api/assistant/conversations/history',
      operation: 'changes',
      turnId: undefined
    },
    {
      path: '/api/assistant/conversations/history',
      operation: 'control',
      turnId: undefined
    },
    {
      path: '/api/assistant/conversations/history',
      operation: 'changes',
      turnId: undefined
    },
    {
      path: '/api/assistant/conversations/history',
      operation: 'control',
      turnId: undefined
    },
    {
      path: '/api/assistant/conversations/history',
      operation: 'changes',
      turnId: undefined
    }
  ],
  browser: {
    text: 'Open chat\n' +
      'Race fixture\n' +
      'Race fixture\n' +
      'First turn\n' +
      'Copy\n' +
      '\n' +
      'Synthetic reply 1\n' +
      '\n' +
      'Copy\n' +
      'Next draft\n' +
      'Copy\n' +
      '\n' +
      'Synthetic reply 2\n' +
      '\n' +
      'Copy\n' +
      'Slow network draft\n' +
      'Copy\n' +
      '\n' +
      'Synthetic reply 3\n' +
      '\n' +
      'Copy\n' +
      'Uncertain acknowledgement\n' +
      'Copy\n' +
      'Load newer messages\n' +
      'Jump to latest\n' +
      'Response complete.\n' +
      'âœ“\n' +
      'Request complete\n' +
      'The assistant has finished responding.',
    errors: [ 'unavailable' ],
    state: {
      kind: 'display',
      conversationId: '98d69ae3-36c6-4bbe-9806-b8abf4f0f916',
      control: [Object],
      window: [Object],
      related: [Array],
      hasMoreRelated: false,
      relatedTruncated: false,
      loading: false,
      submitting: false,
      hasPendingSubmission: false,
      error: null,
      outgoingMessage: null
    }
  }
}
node:internal/modules/run_main:123
    triggerUncaughtException(
    ^

locator.waitFor: Timeout 10000ms exceeded.
Call log:
[2m  - waiting for getByText('Synthetic reply 4', { exact: true }) to be visible[22m

    at /opt/handrail/repos/handrail/handrail-ai-assistant-sdk/handrail-sdk-ai-assistant-js/scripts/check-reopen-send-browser.mjs:167:83 {
  log: [
    "  - waiting for getByText('Synthetic reply 4', { exact: true }) to be visible"
  ],
  name: 'TimeoutError'
}

Node.js v22.23.1
Owned temporary PostgreSQL cluster stopped.
